// Jest Snapshot v1, https://goo.gl/fbAQLP

exports[`Driver Class generates a driver object 1`] = `
Driver {
  "_driverName": "Dan",
  "_totalDrivingTime": 0,
  "_totalMilesDriven": 0,
  "_trips": Array [],
}
`;
